[moonfiber.bigcartel.com/index.html]
[backblue.gif]
[fade.gif]
[index.html]
[storefront-stylesheets.bigcartel.com/theme_stylesheets/80121985/1482099664/theme.css]
[ajax.googleapis.com/ajax/libs/jquery/1.11.0/jquery.min.js]
[cache1.bigcartel.com/theme_assets/6/1.4.2/theme.js]
[moonfiber.bigcartel.com/stats.min.js]
[moonfiber.bigcartel.com/products.html]
[moonfiber.bigcartel.com/tutorial.html]
[moonfiber.bigcartel.com/faqs.html]
[moonfiber.bigcartel.com/contact.html]
[moonfiber.bigcartel.com/cart.html]
[moonfiber.bigcartel.com/product/lunar-dust.html]
[images.bigcartel.com/product_images/185011317/IMG_7129b1ed4.jpg]
[moonfiber.bigcartel.com/product/moon-shine.html]
[images.bigcartel.com/product_images/185011404/IMG_7129c1ed4.jpg]
[moonfiber.bigcartel.com/product/ice-balm.html]
[images.bigcartel.com/product_images/185011422/IMG_7129c21ed4.jpg]
[moonfiber.bigcartel.com/product/moon-milk.html]
[images.bigcartel.com/product_images/185011449/IMG_7132c21ed4.jpg]
[moonfiber.bigcartel.com/product/tektite-wax.html]
[images.bigcartel.com/product_images/185011617/IMG_7132c1ed4.jpg]
[moonfiber.bigcartel.com/product/moon-freeze.html]
[images.bigcartel.com/product_images/185011701/IMG_7132b1ed4.jpg]
[moonfiber.bigcartel.com/product/total-lunar-eclipse-kit-save-20.html]
[images.bigcartel.com/product_images/185007600/group1ed4.jpg]
[moonfiber.bigcartel.com/index.html]
[cache0.bigcartel.com/theme_assets/6/1.4.2/images/bc_badge.png]
[cache0.bigcartel.com/theme_assets/6/1.4.2/images/remove_item_2x.png]
[cache1.bigcartel.com/theme_assets/6/1.4.2/images/slideshow_arrows.png]
[storefront-stylesheets.bigcartel.com/theme_stylesheets/80121985/1482099664/theme.css]
[moonfiber.bigcartel.com/stats.min.js]
[moonfiber.bigcartel.com/category/dry-frizzy-hair.html]
[moonfiber.bigcartel.com/category/need-more-volume.html]
[moonfiber.bigcartel.com/products.html]
[moonfiber.bigcartel.com/tutorial.html]
[moonfiber.bigcartel.com/category/complete-kit.html]
[moonfiber.bigcartel.com/product/total-lunar-eclipse-kit-save-20_br/_]
[moonfiber.bigcartel.com/faqs.html]
[moonfiber.bigcartel.com/contact.html]
[moonfiber.bigcartel.com/cart.html]
[images.bigcartel.com/product_images/185011317/IMG_7129b7063.jpg]
[assets.pinterest.com/images/PinExt.png]
[assets.pinterest.com/js/pinit.js]
[moonfiber.bigcartel.com/product/lunar-dust.html]
[images.bigcartel.com/product_images/185011404/IMG_7129c7063.jpg]
[moonfiber.bigcartel.com/product/moon-shine.html]
[images.bigcartel.com/product_images/185011422/IMG_7129c27063.jpg]
[moonfiber.bigcartel.com/product/ice-balm.html]
[images.bigcartel.com/product_images/185011449/IMG_7132c27063.jpg]
[moonfiber.bigcartel.com/product/moon-milk.html]
[images.bigcartel.com/product_images/185011617/IMG_7132c7063.jpg]
[moonfiber.bigcartel.com/product/tektite-wax.html]
[images.bigcartel.com/product_images/185011701/IMG_7132b7063.jpg]
[moonfiber.bigcartel.com/product/moon-freeze.html]
[images.bigcartel.com/product_images/185007600/group7063.jpg]
[moonfiber.bigcartel.com/product/total-lunar-eclipse-kit-save-20.html]
[moonfiber.bigcartel.com/log_stats.gif]
[moonfiber.bigcartel.com/log_product_view.gif]
[moonfiber.bigcartel.com/category/dry-frizzy-hair.html]
[moonfiber.bigcartel.com/category/need-more-volume.html]
[moonfiber.bigcartel.com/category/complete-kit.html]
[moonfiber.bigcartel.com/product/total-lunar-eclipse-kit-save-20_br/_.html]
